2025-10-08 00:48:15,731 INFO o.a.j.u.JMeterUtils: Setting Locale to en_EN
2025-10-08 00:48:15,757 INFO o.a.j.JMeter: Loading user properties from: /opt/homebrew/Cellar/jmeter/5.6.3/libexec/bin/user.properties
2025-10-08 00:48:15,757 INFO o.a.j.JMeter: Loading system properties from: /opt/homebrew/Cellar/jmeter/5.6.3/libexec/bin/system.properties
2025-10-08 00:48:15,760 INFO o.a.j.JMeter: Copyright (c) 1998-2024 The Apache Software Foundation
2025-10-08 00:48:15,760 INFO o.a.j.JMeter: Version 5.6.3
2025-10-08 00:48:15,760 INFO o.a.j.JMeter: java.version=21.0.8
2025-10-08 00:48:15,760 INFO o.a.j.JMeter: java.vm.name=OpenJDK 64-Bit Server VM
2025-10-08 00:48:15,760 INFO o.a.j.JMeter: os.name=Mac OS X
2025-10-08 00:48:15,760 INFO o.a.j.JMeter: os.arch=aarch64
2025-10-08 00:48:15,760 INFO o.a.j.JMeter: os.version=15.2
2025-10-08 00:48:15,760 INFO o.a.j.JMeter: file.encoding=UTF-8
2025-10-08 00:48:15,760 INFO o.a.j.JMeter: java.awt.headless=null
2025-10-08 00:48:15,760 INFO o.a.j.JMeter: Max memory     =1073741824
2025-10-08 00:48:15,760 INFO o.a.j.JMeter: Available Processors =8
2025-10-08 00:48:15,765 INFO o.a.j.JMeter: Default Locale=English (EN)
2025-10-08 00:48:15,765 INFO o.a.j.JMeter: JMeter  Locale=English (EN)
2025-10-08 00:48:15,765 INFO o.a.j.JMeter: JMeterHome=/opt/homebrew/Cellar/jmeter/5.6.3/libexec
2025-10-08 00:48:15,765 INFO o.a.j.JMeter: user.dir  =/Users/nohelestradap/Documents/Proyecto_Arquitectura/Project_Arq/ensurancePharmacy
2025-10-08 00:48:15,766 INFO o.a.j.JMeter: PWD       =/Users/nohelestradap/Documents/Proyecto_Arquitectura/Project_Arq/ensurancePharmacy
2025-10-08 00:48:15,767 INFO o.a.j.JMeter: IP: 127.0.0.1 Name: MacBook-Air-de-Didvin-2.local FullName: localhost
